BL51 BANKED LINKER/LOCATER V6.22                                                        10/31/2024  17:05:57  PAGE 1


BL51 BANKED LINKER/LOCATER V6.22, INVOKED BY:
C:\KEIL_V5\C51\BIN\BL51.EXE .\Objects\STARTUP.obj, .\Objects\test.obj TO .\Objects\CAM PRINT (.\Listings\CAM.m51) RAMSIZ
>> E (256)


MEMORY MODEL: LARGE


INPUT MODULES INCLUDED:
  .\Objects\STARTUP.obj (?C_STARTUP)
  .\Objects\test.obj (TEST)


LINK MAP OF MODULE:  .\Objects\CAM (?C_STARTUP)


            TYPE    BASE      LENGTH    RELOCATION   SEGMENT NAME
            -----------------------------------------------------

            * * * * * * *   D A T A   M E M O R Y   * * * * * * *
            REG     0000H     0008H     ABSOLUTE     "REG BANK 0"
            DATA    0008H     0001H     UNIT         _DATA_GROUP_
                    0009H     0017H                  *** GAP ***
            BIT     0020H.0   0000H.2   UNIT         ?BI?TEST
                    0020H.2   0000H.6                *** GAP ***
            IDATA   0021H     0001H     UNIT         ?STACK

            * * * * * * *  X D A T A   M E M O R Y  * * * * * * *
            XDATA   0000H     000FH     UNIT         ?XD?TEST

            * * * * * * *   C O D E   M E M O R Y   * * * * * * *
            CODE    0000H     0003H     ABSOLUTE     
            CODE    0003H     00B2H     UNIT         ?PR?I2C_ISR?TEST
            CODE    00B5H     000CH     UNIT         ?C_C51STARTUP
                    00C1H     0002H                  *** GAP ***
            CODE    00C3H     0003H     ABSOLUTE     
            CODE    00C6H     00EAH     UNIT         ?PR?MAIN?TEST
            CODE    01B0H     0037H     UNIT         ?PR?_SETMOTORSPEED?TEST
            CODE    01E7H     0008H     UNIT         ?PR?DELAY1US?TEST



OVERLAY MAP OF MODULE:   .\Objects\CAM (?C_STARTUP)


SEGMENT                           DATA_GROUP 
  +--> CALLED SEGMENT           START    LENGTH
-----------------------------------------------
?C_C51STARTUP                   -----    -----
  +--> ?PR?MAIN?TEST

?PR?MAIN?TEST                   -----    -----
  +--> ?PR?DELAY1US?TEST
  +--> ?PR?_SETMOTORSPEED?TEST

?PR?DELAY1US?TEST               0008H    0001H


BL51 BANKED LINKER/LOCATER V6.22                                                      10/31/2024  17:05:57  PAGE 2



SYMBOL TABLE OF MODULE:  .\Objects\CAM (?C_STARTUP)

  VALUE           TYPE          NAME
  ----------------------------------

  -------         MODULE        ?C_STARTUP
  C:00B5H         SEGMENT       ?C_C51STARTUP
  I:0021H         SEGMENT       ?STACK
  C:0000H         PUBLIC        ?C_STARTUP
  D:00E0H         SYMBOL        ACC
  D:00F0H         SYMBOL        B
  D:0083H         SYMBOL        DPH
  D:0082H         SYMBOL        DPL
  N:0000H         SYMBOL        IBPSTACK
  N:0100H         SYMBOL        IBPSTACKTOP
  N:0080H         SYMBOL        IDATALEN
  C:00B8H         SYMBOL        IDATALOOP
  N:0000H         SYMBOL        PBPSTACK
  N:0100H         SYMBOL        PBPSTACKTOP
  N:0000H         SYMBOL        PDATALEN
  N:0000H         SYMBOL        PDATASTART
  N:0000H         SYMBOL        PPAGE
  N:0000H         SYMBOL        PPAGEENABLE
  D:00A0H         SYMBOL        PPAGE_SFR
  D:0081H         SYMBOL        SP
  C:00B5H         SYMBOL        STARTUP1
  N:0000H         SYMBOL        XBPSTACK
  N:0000H         SYMBOL        XBPSTACKTOP
  N:0000H         SYMBOL        XDATALEN
  N:0000H         SYMBOL        XDATASTART
  C:0000H         LINE#         126
  C:00B5H         LINE#         133
  C:00B7H         LINE#         134
  C:00B8H         LINE#         135
  C:00B9H         LINE#         136
  C:00BBH         LINE#         185
  C:00BEH         LINE#         196
  -------         ENDMOD        ?C_STARTUP

  -------         MODULE        TEST
  C:0000H         SYMBOL        _ICE_DUMMY_
  D:0093H         PUBLIC        P0M1
  D:0092H         PUBLIC        P1M0
  D:0096H         PUBLIC        P2M0
  D:0091H         PUBLIC        P1M1
  D:00B2H         PUBLIC        P3M0
  D:0095H         PUBLIC        P2M1
  D:00B4H         PUBLIC        P4M0
  D:00B1H         PUBLIC        P3M1
  D:00CAH         PUBLIC        P5M0
  D:00B3H         PUBLIC        P4M1
  D:00B0H         PUBLIC        P3
  D:00C9H         PUBLIC        P5M1
  D:00C8H         PUBLIC        P5
  B:00A8H.7       PUBLIC        EA
  C:01E7H         PUBLIC        Delay1us
BL51 BANKED LINKER/LOCATER V6.22                                                      10/31/2024  17:05:57  PAGE 3


  D:00BAH         PUBLIC        P_SW2
  X:0000H         PUBLIC        addr
  B:0020H.0       PUBLIC        isda
  C:00C6H         PUBLIC        main
  X:0001H         PUBLIC        count
  B:0020H.1       PUBLIC        isma
  B:00C8H.4       PUBLIC        PWM_A1
  B:00B0H.1       PUBLIC        PWM_B1
  B:00C8H.5       PUBLIC        PWM_A2
  B:00B0H.0       PUBLIC        PWM_B2
  C:0003H         PUBLIC        I2C_Isr
  C:01B0H         PUBLIC        _setMotorSpeed
  X:0003H         PUBLIC        PWM
  X:0005H         PUBLIC        buffer
  D:0094H         PUBLIC        P0M0
  -------         PROC          DELAY1US
  -------         DO            
  D:0008H         SYMBOL        i
  -------         ENDDO         
  C:01E7H         LINE#         44
  C:01E7H         LINE#         45
  C:01E7H         LINE#         48
  C:01E8H         LINE#         49
  C:01EBH         LINE#         50
  C:01EEH         LINE#         51
  -------         ENDPROC       DELAY1US
  -------         PROC          _SETMOTORSPEED
  D:0006H         SYMBOL        pwmA
  D:0004H         SYMBOL        pwmB
  C:01B0H         LINE#         54
  C:01B0H         LINE#         55
  C:01B6H         LINE#         56
  C:01B8H         LINE#         57
  C:01BAH         LINE#         58
  C:01C2H         LINE#         59
  C:01C4H         LINE#         60
  C:01C6H         LINE#         61
  C:01C8H         LINE#         62
  C:01CAH         LINE#         63
  C:01CCH         LINE#         64
  C:01CCH         LINE#         66
  C:01D2H         LINE#         67
  C:01D4H         LINE#         68
  C:01D6H         LINE#         69
  C:01DDH         LINE#         70
  C:01DFH         LINE#         71
  C:01E1H         LINE#         72
  C:01E2H         LINE#         73
  C:01E4H         LINE#         74
  C:01E6H         LINE#         75
  C:01E6H         LINE#         77
  -------         ENDPROC       _SETMOTORSPEED
  -------         PROC          I2C_ISR
  C:0003H         LINE#         79
  C:0012H         LINE#         81
  C:0014H         LINE#         82
  C:0017H         LINE#         84
BL51 BANKED LINKER/LOCATER V6.22                                                      10/31/2024  17:05:57  PAGE 4


  C:001EH         LINE#         85
  C:001EH         LINE#         87
  C:0022H         LINE#         88
  C:0025H         LINE#         89
  C:002CH         LINE#         90
  C:002CH         LINE#         91
  C:0030H         LINE#         92
  C:0033H         LINE#         93
  C:0033H         LINE#         94
  C:0035H         LINE#         95
  C:0037H         LINE#         96
  C:003AH         LINE#         97
  C:003AH         LINE#         98
  C:003CH         LINE#         99
  C:0044H         LINE#         100
  C:0045H         LINE#         101
  C:0047H         LINE#         103
  C:0047H         LINE#         104
  C:005FH         LINE#         105
  C:0068H         LINE#         106
  C:0068H         LINE#         107
  C:006AH         LINE#         108
  C:0071H         LINE#         109
  C:0071H         LINE#         110
  C:0075H         LINE#         111
  C:0079H         LINE#         112
  C:0079H         LINE#         113
  C:007FH         LINE#         114
  C:0081H         LINE#         116
  C:0081H         LINE#         117
  C:0095H         LINE#         118
  C:0095H         LINE#         119
  C:0097H         LINE#         120
  C:009EH         LINE#         121
  C:009EH         LINE#         122
  C:00A2H         LINE#         123
  C:00A4H         LINE#         124
  C:00A6H         LINE#         125
  C:00A6H         LINE#         127
  C:00A8H         LINE#         128
  -------         ENDPROC       I2C_ISR
  -------         PROC          MAIN
  C:00C6H         LINE#         130
  C:00C6H         LINE#         131
  C:00C6H         LINE#         133
  C:00C8H         LINE#         134
  C:00CAH         LINE#         135
  C:00CCH         LINE#         136
  C:00CEH         LINE#         138
  C:00D1H         LINE#         139
  C:00D3H         LINE#         140
  C:00D5H         LINE#         141
  C:00D7H         LINE#         142
  C:00D9H         LINE#         143
  C:00DBH         LINE#         144
  C:00DDH         LINE#         145
  C:00DFH         LINE#         146
BL51 BANKED LINKER/LOCATER V6.22                                                      10/31/2024  17:05:57  PAGE 5


  C:00E1H         LINE#         147
  C:00E3H         LINE#         148
  C:00E5H         LINE#         149
  C:00E7H         LINE#         151
  C:00EAH         LINE#         154
  C:00F0H         LINE#         155
  C:00F6H         LINE#         161
  C:00FBH         LINE#         162
  C:0101H         LINE#         163
  C:0103H         LINE#         165
  C:0105H         LINE#         166
  C:0107H         LINE#         167
  C:010CH         LINE#         168
  C:011BH         LINE#         169
  C:0122H         LINE#         170
  C:0122H         LINE#         174
  C:0137H         LINE#         175
  C:0145H         LINE#         176
  C:0148H         LINE#         178
  C:0157H         LINE#         180
  C:0169H         LINE#         181
  C:0178H         LINE#         183
  C:0193H         LINE#         184
  C:0193H         LINE#         185
  C:01A2H         LINE#         186
  C:01A5H         LINE#         187
  C:01ADH         LINE#         188
  -------         ENDPROC       MAIN
  -------         ENDMOD        TEST

Program Size: data=10.2 xdata=15 code=493
LINK/LOCATE RUN COMPLETE.  0 WARNING(S),  0 ERROR(S)
